[www.strengthcoachglasgow.co.uk/index.html]
[backblue.gif]
[fade.gif]
[index.html]
[www.strengthcoachglasgow.co.uk/uploads/1/2/3/3/123320581/untitled-design-532_orig.png]
[www.strengthcoachglasgow.co.uk/uploads/1/2/3/3/123320581/untitled-design-532_2.png]
[www.strengthcoachglasgow.co.uk/uploads/1/2/3/3/123320581/published/24c1e3.jpg]
[www.strengthcoachglasgow.co.uk/uploads/1/2/3/3/123320581/published/259c0b.jpg]
[www.strengthcoachglasgow.co.uk/uploads/1/2/3/3/123320581/published/236c3f.jpg]
[www.strengthcoachglasgow.co.uk/uploads/1/2/3/3/123320581/untitled-design-532_5.png]
[www.strengthcoachglasgow.co.uk/uploads/1/2/3/3/123320581/untitled-design-532_1.png]
[www.strengthcoachglasgow.co.uk/uploads/1/2/3/3/123320581/professional-strength-coaching-services_orig.jpg]
[www.strengthcoachglasgow.co.uk/uploads/1/2/3/3/123320581/published/5gymmistakesinstascg_12098.png]
[connect.facebook.net/en_US/fbevents.js]
[cdn2.editmysite.com/css/sites92ad.css]
[cdn2.editmysite.com/css/old/fancyboxe995.css]
[cdn2.editmysite.com/css/social-icons6fd2.css]
[www.strengthcoachglasgow.co.uk/files/main_style1097.css]
[www.strengthcoachglasgow.co.uk/files/templateArtifacts1097.js]
[ajax.googleapis.com/ajax/libs/jquery/1.8.3/jquery.min.js]
[cdn2.editmysite.com/js/lang/en/stld311.js]
[cdn2.editmysite.com/js/site/main92ad.js]
[cdn2.editmysite.com/js/lang/en/stl5942.js]
[www.google.com/recaptcha/api.js]
[www.strengthcoachglasgow.co.uk/uploads/1/2/3/3/123320581/strength-coach-glas-logo-final-transparent.png]
[www.strengthcoachglasgow.co.uk/about.html]
[www.strengthcoachglasgow.co.uk/personal-training.html]
[www.strengthcoachglasgow.co.uk/online-training.html]
[www.strengthcoachglasgow.co.uk/success-stories.html]
[www.strengthcoachglasgow.co.uk/contact.html]
[www.strengthcoachglasgow.co.uk/blog.html]
[www.strengthcoachglasgow.co.uk/offer.html]
[www.strengthcoachglasgow.co.uk/blog/5-most-common-gym-mistakes.html]
[www.strengthcoachglasgow.co.uk/blog/5-best-assistance-exercises-for-olympic-weightlifting.html]
[www.strengthcoachglasgow.co.uk/uploads/1/2/3/3/123320581/edited/5bestwlassistancescg_183c7.png]
[www.strengthcoachglasgow.co.uk/blog/5-tips-to-maximise-your-fitness-results.html]
[www.strengthcoachglasgow.co.uk/uploads/1/2/3/3/123320581/published/5tipsmaximiseresultsscg_16ce6.png]
[www.strengthcoachglasgow.co.uk/uploads/1/2/3/3/123320581/untitled-design-532_4.png]
[www.strengthcoachglasgow.co.uk/uploads/1/2/3/3/123320581/untitled-design-532_3.png]
[www.strengthcoachglasgow.co.uk/uploads/1/2/3/3/123320581/facebook-round_3_orig.png]
[www.strengthcoachglasgow.co.uk/uploads/1/2/3/3/123320581/instagram-round-new-100_1.png]
[www.strengthcoachglasgow.co.uk/uploads/1/2/3/3/123320581/youtube-round_3_orig.png]
[www.strengthcoachglasgow.co.uk/at-home-personal-training.html]
[www.bark.com/js/widgets.min.js]
[origympersonaltrainercourses.co.uk/files/img_cache/3506/500_1565610548_Award2.png]
[www.instituteofpersonaltrainers.com/uploads/2/2/0/1/22014694/iptmember3_orig.png]
[www.insure4sport.co.uk/Content/images/badges/I4S_InsuredBadge_147x124.png]
[www.strengthcoachglasgow.co.uk/files/theme/plugins72c5.js]
[cdn2.editmysite.com/js/site/main-customer-accounts-site92ad.js]
[www.strengthcoachglasgow.co.uk/files/theme/custom72c5.js]
[cdn2.editmysite.com/js/wsnbn/snowday262.js]
[www.strengthcoachglasgow.co.uk/index.html]
[connect.facebook.net/en_US/fbevents.js]
[cdn2.editmysite.com/images/util/videojs/white-bar.png]
[cdn2.editmysite.com/images/util/videojs/@2x/white-bar.png]
[cdn2.editmysite.com/images/util/videojs/gradient.png]
[cdn2.editmysite.com/images/util/videojs/@2x/gradient.png]
[cdn2.editmysite.com/sprites/util/videojs-sacae758aa2.png]
[cdn2.editmysite.com/sprites/util/videojs/@2x-s2aff7e7d9a.png]
[cdn2.editmysite.com/images/util/videojs/volume-filled.png]
[cdn2.editmysite.com/images/util/videojs/@2x/volume-filled.png]
[cdn2.editmysite.com/images/util/videojs/volume-mute.png]
[cdn2.editmysite.com/images/util/videojs/@2x/volume-mute.png]
[cdn2.editmysite.com/images/util/videojs/blue-bar.png]
[cdn2.editmysite.com/images/util/videojs/@2x/blue-bar.png]
[cdn2.editmysite.com/images/util/videojs/maximize-icon.png]
[cdn2.editmysite.com/images/util/videojs/@2x/maximize-icon.png]
[cdn2.editmysite.com/images/util/videojs/minimize-icon.png]
[cdn2.editmysite.com/images/util/videojs/@2x/minimize-icon.png]
[cdn2.editmysite.com/images/util/videojs/play-icon.png]
[cdn2.editmysite.com/images/util/videojs/@2x/play-icon.png]
[cdn2.editmysite.com/images/util/videojs/sad-face.png]
[cdn2.editmysite.com/images/util/videojs/@2x/sad-face.png]
[cdn2.editmysite.com/images/util/videojs/loading-icon.png]
[cdn2.editmysite.com/images/util/videojs/@2x/loading-icon.png]
[cdn2.editmysite.com/images/common/buttons/small_grey.png]
[cdn2.editmysite.com/images/common/buttons/small_blue.png]
[cdn2.editmysite.com/images/old/button/large_grey.png]
[cdn2.editmysite.com/images/common/buttons/large_blue.png]
[cdn2.editmysite.com/images/common/search-light.png]
[cdn2.editmysite.com/images/common/social_icons.png]
[cdn2.editmysite.com/images/common/blog/blog-comment-button.png]
[cdn2.editmysite.com/images/common/blog/blog-comment-header.png]
[cdn2.editmysite.com/images/common/blog/blog-comment-pointer.png]
[cdn2.editmysite.com/images/common/blog/blog-comment-link.png]
[cdn2.editmysite.com/images/common/blog/blog-comment-header-author.png]
[cdn2.editmysite.com/images/common/blog/blog-comment-pointer-author.png]
[cdn2.editmysite.com/images/common/blog/blog-comment-field-bg.png]
[cdn2.editmysite.com/images/common/blog/dark-blog-comment-header.png]
[cdn2.editmysite.com/images/common/blog/dark-blog-comment-pointer.png]
[cdn2.editmysite.com/images/common/blog/dark-blog-comment-header-author.png]
[cdn2.editmysite.com/images/common/blog/dark-blog-comment-pointer-author.png]
[cdn2.editmysite.com/images/common/blog/dark-blog-comment-link.png]
[cdn2.editmysite.com/images/util/general/blank.gif]
[cdn2.editmysite.com/images/common/lightbox/prevlabel.gif]
[cdn2.editmysite.com/images/common/lightbox/nextlabel.gif]
[cdn2.editmysite.com/sprites/util/inputs/checkmarkBox-s7868418152.png]
[cdn2.editmysite.com/sprites/util/inputs/checkmarkBox/@2x-s211a47d318.png]
[cdn2.editmysite.com/images/util/inputs/search-input-bg.jpg]
[cdn2.editmysite.com/images/common/magnifying-glass.png]
[cdn2.editmysite.com/images/common/checkmarks/checkmark-mini.png]
[cdn2.editmysite.com/images/common/checkmarks/@2x/checkmark-mini.png]
[cdn2.editmysite.com/images/common/search-pagination-bg.png]
[cdn2.editmysite.com/images/util/general/top-triangle-000.png]
[cdn2.editmysite.com/images/util/general/bottom-triangle-000.png]
[cdn2.editmysite.com/images/util/general/top-triangle-000@2x.png]
[cdn2.editmysite.com/images/util/general/bottom-triangle-000@2x.png]
[cdn2.editmysite.com/sprites/common/social-icons-s5ea5500bdb.png]
[cdn2.editmysite.com/sprites/common/social-icons/@2x-s0ae7d70c70.png]
[cdn2.editmysite.com/sprites/site/mini-cart-s86c48effae.png]
[cdn2.editmysite.com/sprites/site/mini-cart/@2x-s576cbc3f90.png]
[cdn2.editmysite.com/images/loading.gif]
[cdn2.editmysite.com/sprites/site/mobile/commerce-sdf6d4e852c.png]
[cdn2.editmysite.com/sprites/site/mobile/commerce/@2x-s82f968c453.png]
[cdn2.editmysite.com/images/site/checkout/paypal.png]
[cdn2.editmysite.com/images/site/checkout/@2x/paypal.png]
[cdn2.editmysite.com/images/site/checkout/credit-cards.png]
[cdn2.editmysite.com/images/site/checkout/@2x/credit-cards.png]
[cdn2.editmysite.com/images/site/checkout/print.png]
[cdn2.editmysite.com/images/site/checkout/print@2x.png]
[cdn2.editmysite.com/images/vendor/select2/select2.png]
[cdn2.editmysite.com/images/vendor/select2/select2-spinner.gif]
[cdn2.editmysite.com/images/vendor/select2/select2x2.png]
[cdn2.editmysite.com/images/util/spinner/spinner-dark.png]
[cdn2.editmysite.com/images/util/spinner/spinner-light.png]
[cdn2.editmysite.com/images/util/loading-white-w24.gif]
[cdn2.editmysite.com/images/common/form_input_bg.gif]
[cdn2.editmysite.com/sprites/site/forms-s3786257308.png]
[cdn2.editmysite.com/sprites/site/forms/@2x-s47607b315a.png]
[cdn2.editmysite.com/images/blank.gif]
[cdn2.editmysite.com/images/old/photoswipe/loader.gif]
[cdn2.editmysite.com/images/old/photoswipe/error.gif]
[cdn2.editmysite.com/images/old/photoswipe/icons.png]
[cdn2.editmysite.com/images/old/photoswipe/icons@2x.png]
[cdn2.editmysite.com/css/sites92ad.css]
[cdn2.editmysite.com/images/old/fancybox/fancybox_sprite.png]
[cdn2.editmysite.com/images/old/fancybox/fancybox_loading.gif]
[cdn2.editmysite.com/images/old/fancybox/blank.gif]
[cdn2.editmysite.com/images/old/fancybox/fancybox_overlay.png]
[cdn2.editmysite.com/css/old/fancyboxe995.css]
[cdn2.editmysite.com/css/social-icons6fd2.css]
[www.strengthcoachglasgow.co.uk/files/theme/fonts/17c55b27-e9ab-43cd-b948-d49f97480d68d41d.eot]
[www.strengthcoachglasgow.co.uk/files/theme/fonts/2e3f5cb9-101f-46cf-a7b3-dfaa58261e031097.woff2]
[www.strengthcoachglasgow.co.uk/files/theme/fonts/fa19948e-5e38-4909-b31e-41acd170d6f21097.woff]
[www.strengthcoachglasgow.co.uk/files/theme/fonts/6de0ce4d-9278-467b-b96f-c1f5f0a4c3751097.ttf]
[www.strengthcoachglasgow.co.uk/files/theme/fonts/8b498c39-fabe-4789-bb81-5e37c9ecddd3d41d.eot]
[www.strengthcoachglasgow.co.uk/files/theme/fonts/9fd4ea0c-b19a-4b21-9fdf-37045707dd78.svg]
[www.strengthcoachglasgow.co.uk/files/theme/fonts/1c6c1881-23c9-4d6a-a018-759d1c9ded151097.woff2]
[www.strengthcoachglasgow.co.uk/files/theme/fonts/f0d655c5-a88a-49ad-bb29-f3b5cca417311097.woff]
[www.strengthcoachglasgow.co.uk/files/theme/fonts/3a561c83-40d4-4868-8255-e8455eb009c41097.ttf]
[www.strengthcoachglasgow.co.uk/files/theme/fonts/3966f856-9dcf-48e7-88e7-7400f1b7d619.svg]
[www.strengthcoachglasgow.co.uk/files/theme/fonts/e9167238-3b3f-4813-a04a-a384394eed42d41d.eot]
[www.strengthcoachglasgow.co.uk/files/theme/fonts/2cd55546-ec00-4af9-aeca-4a3cd186da531097.woff2]
[www.strengthcoachglasgow.co.uk/files/theme/fonts/1e9892c0-6927-4412-9874-1b82801ba47a1097.woff]
[www.strengthcoachglasgow.co.uk/files/theme/fonts/46cf1067-688d-4aab-b0f7-bd942af6efd81097.ttf]
[www.strengthcoachglasgow.co.uk/files/theme/fonts/52a192b1-bea5-4b48-879f-107f009b666f.svg]
[www.strengthcoachglasgow.co.uk/files/theme/fonts/d1fddef1-d940-4904-8f6c-17e809462301d41d.eot]
[www.strengthcoachglasgow.co.uk/files/theme/fonts/7377dbe6-f11a-4a05-b33c-bc8ce1f60f841097.woff2]
[www.strengthcoachglasgow.co.uk/files/theme/fonts/92b66dbd-4201-4ac2-a605-4d4ffc8705cc1097.woff]
[www.strengthcoachglasgow.co.uk/files/theme/fonts/18839597-afa8-4f0b-9abb-4a30262d0da81097.ttf]
[www.strengthcoachglasgow.co.uk/files/theme/fonts/1de7e6f4-9d4d-47e7-ab23-7d5cf10ab585.svg]
[www.strengthcoachglasgow.co.uk/files/theme/fonts/1a7c9181-cd24-4943-a9d9-d033189524e0d41d.eot]
[www.strengthcoachglasgow.co.uk/files/theme/fonts/627fbb5a-3bae-4cd9-b617-2f923e29d55e1097.woff2]
[www.strengthcoachglasgow.co.uk/files/theme/fonts/f26faddb-86cc-4477-a253-1e12876843361097.woff]
[www.strengthcoachglasgow.co.uk/files/theme/fonts/63a74598-733c-4d0c-bd91-b01bffcd6e691097.ttf]
[www.strengthcoachglasgow.co.uk/files/theme/fonts/a89d6ad1-a04f-4a8f-b140-e55478dbea80.svg]
[www.strengthcoachglasgow.co.uk/files/theme/fonts/77a9cdce-ea6a-4f94-95df-e6a54555545ed41d.eot]
[www.strengthcoachglasgow.co.uk/files/theme/fonts/3f380a53-50ea-4a62-95c5-d5d8dba03ab81097.woff2]
[www.strengthcoachglasgow.co.uk/files/theme/fonts/8344e877-560d-44d4-82eb-9822766676f91097.woff]
[www.strengthcoachglasgow.co.uk/files/theme/fonts/b28b01d9-78c5-46c6-a30d-9a62c8f407c51097.ttf]
[www.strengthcoachglasgow.co.uk/files/theme/fonts/ed4d3c45-af64-4992-974b-c37cd12a9570.svg]
[www.strengthcoachglasgow.co.uk/files/theme/images/default-bg1097.jpg]
[www.strengthcoachglasgow.co.uk/files/main_style1097.css]
[www.strengthcoachglasgow.co.uk/files/templateArtifacts1097.js]
[cdn2.editmysite.com/js/lang/en/stld311.js]
[cdn2.editmysite.com/js/site/main92ad.js]
[cdn2.editmysite.com/js/lang/en/stl5942.js]
[www.strengthcoachglasgow.co.uk/uploads/1/2/3/3/123320581/untitled-design-532_7.png]
[www.strengthcoachglasgow.co.uk/uploads/1/2/3/3/123320581/published/allan-young-strength-coache127.jpg]
[www.strengthcoachglasgow.co.uk/uploads/1/2/3/3/123320581/aboutpage4pillars_orig.jpg]
[www.strengthcoachglasgow.co.uk/uploads/1/2/3/3/123320581/6.jpg]
[www.strengthcoachglasgow.co.uk/uploads/1/2/3/3/123320581/7.jpg]
[www.strengthcoachglasgow.co.uk/uploads/1/2/3/3/123320581/8.jpg]
[www.strengthcoachglasgow.co.uk/uploads/1/2/3/3/123320581/x-fit-paisley-may-01.jpg]
[www.strengthcoachglasgow.co.uk/uploads/1/2/3/3/123320581/x-fit-paisley-may-33.jpg]
[www.strengthcoachglasgow.co.uk/uploads/1/2/3/3/123320581/x-fit-paisley-may-36.jpg]
[cdn2.editmysite.com/css/sitesc533.css]
[cdn2.editmysite.com/js/site/mainc533.js]
[cdn2.editmysite.com/js/lang/en/stla937.js]
[www.strengthcoachglasgow.co.uk/uploads/1/2/3/3/123320581/6_orig.jpg]
[www.strengthcoachglasgow.co.uk/uploads/1/2/3/3/123320581/7_orig.jpg]
[www.strengthcoachglasgow.co.uk/uploads/1/2/3/3/123320581/8_orig.jpg]
[www.strengthcoachglasgow.co.uk/uploads/1/2/3/3/123320581/x-fit-paisley-may-01_orig.jpg]
[www.strengthcoachglasgow.co.uk/uploads/1/2/3/3/123320581/x-fit-paisley-may-33_orig.jpg]
[www.strengthcoachglasgow.co.uk/uploads/1/2/3/3/123320581/x-fit-paisley-may-36_orig.jpg]
[www.strengthcoachglasgow.co.uk/uploads/1/2/3/3/123320581/vlcsnap-2017-06-12-12h23m12s997_orig.png]
[www.strengthcoachglasgow.co.uk/uploads/1/2/3/3/123320581/vlcsnap-2017-06-12-12h23m12s997.png]
[www.strengthcoachglasgow.co.uk/uploads/1/2/3/3/123320581/img-20181206-142321_orig.jpg]
[www.strengthcoachglasgow.co.uk/uploads/1/2/3/3/123320581/img-20181206-142321.jpg]
[www.strengthcoachglasgow.co.uk/uploads/1/2/3/3/123320581/vlcsnap-2018-10-17-21h53m21s623_orig.png]
[www.strengthcoachglasgow.co.uk/uploads/1/2/3/3/123320581/vlcsnap-2018-10-17-21h53m21s623.png]
[cdn2.editmysite.com/js/site/main-customer-accounts-sitec533.js]
[www.strengthcoachglasgow.co.uk/about.html]
[www.strengthcoachglasgow.co.uk/uploads/1/2/3/3/123320581/untitled-design-532_8.png]
[www.strengthcoachglasgow.co.uk/uploads/1/2/3/3/123320581/published/strengthtraining0c8e.jpg]
[www.strengthcoachglasgow.co.uk/uploads/1/2/3/3/123320581/published/olympic-lifting6a75.jpg]
[www.strengthcoachglasgow.co.uk/uploads/1/2/3/3/123320581/published/2266f3.jpg]
[www.strengthcoachglasgow.co.uk/uploads/1/2/3/3/123320581/untitled-design-532_6.png]
[cdn2.editmysite.com/css/sitesf3be.css]
[cdn2.editmysite.com/js/site/mainf3be.js]
[cdn2.editmysite.com/js/site/main-customer-accounts-sitef3be.js]
[www.strengthcoachglasgow.co.uk/personal-training.html]
[www.strengthcoachglasgow.co.uk/uploads/1/2/3/3/123320581/published/2_6.jpg]
[www.strengthcoachglasgow.co.uk/uploads/1/2/3/3/123320581/icons8-deadlift-64_1.png]
[www.strengthcoachglasgow.co.uk/uploads/1/2/3/3/123320581/icons8-vegetarian-food-64_1.png]
[www.strengthcoachglasgow.co.uk/uploads/1/2/3/3/123320581/icons8-video-conference-64_1.png]
[www.strengthcoachglasgow.co.uk/uploads/1/2/3/3/123320581/icons8-survey-64_1.png]
[www.strengthcoachglasgow.co.uk/uploads/1/2/3/3/123320581/icons8-trust-64_1.png]
[www.strengthcoachglasgow.co.uk/uploads/1/2/3/3/123320581/icons8-arms-up-64_1.png]
[www.strengthcoachglasgow.co.uk/online-training.html]
[www.strengthcoachglasgow.co.uk/uploads/1/2/3/3/123320581/untitled-design-532_9.png]
[www.strengthcoachglasgow.co.uk/uploads/1/2/3/3/123320581/ken-success-story_orig.png]
[www.strengthcoachglasgow.co.uk/uploads/1/2/3/3/123320581/paul-chalmers_1.png]
[www.strengthcoachglasgow.co.uk/uploads/1/2/3/3/123320581/jas-mrx_orig.png]
[www.strengthcoachglasgow.co.uk/uploads/1/2/3/3/123320581/brenda-glancy_orig.png]
[www.strengthcoachglasgow.co.uk/uploads/1/2/3/3/123320581/ruby-rose-jackson_orig.png]
[www.strengthcoachglasgow.co.uk/uploads/1/2/3/3/123320581/colin-stark_orig.png]
[www.strengthcoachglasgow.co.uk/uploads/1/2/3/3/123320581/natalie-foxley_orig.png]
[www.strengthcoachglasgow.co.uk/success-stories.html]
[www.strengthcoachglasgow.co.uk/uploads/1/2/3/3/123320581/untitled-design-532_10.png]
[www.strengthcoachglasgow.co.uk/contact.html]
[www.strengthcoachglasgow.co.uk/uploads/1/2/3/3/123320581/pullupmateblog_orig.png]
[www.strengthcoachglasgow.co.uk/uploads/1/2/3/3/123320581/glasgowptbanner_orig.png]
[www.strengthcoachglasgow.co.uk/uploads/1/2/3/3/123320581/exercisespotlightsideplank_orig.png]
[www.strengthcoachglasgow.co.uk/uploads/1/2/3/3/123320581/exercisespotlightsnatch_orig.png]
[www.strengthcoachglasgow.co.uk/uploads/1/2/3/3/123320581/exercisespotlightstandinglongjump_orig.png]
[www.strengthcoachglasgow.co.uk/uploads/1/2/3/3/123320581/exercisespotlightwalkinglunge_orig.png]
[www.strengthcoachglasgow.co.uk/uploads/1/2/3/3/123320581/exercisespotlightalekna_orig.png]
[www.strengthcoachglasgow.co.uk/uploads/1/2/3/3/123320581/gymsreopenblog_orig.png]
[www.strengthcoachglasgow.co.uk/uploads/1/2/3/3/123320581/exercisespotlightdeadbug_orig.png]
[www.strengthcoachglasgow.co.uk/uploads/1/2/3/3/123320581/exercisespotlightboxsquat_orig.png]
[www.strengthcoachglasgow.co.uk/blog/pull-up-mate-review.html]
[www.strengthcoachglasgow.co.uk/blog/how-to-become-a-personal-trainer-in-glasgow.html]
[www.strengthcoachglasgow.co.uk/blog/exercise-spotlight-side-plank.html]
[www.strengthcoachglasgow.co.uk/blog/exercise-spotlight-snatch.html]
[www.strengthcoachglasgow.co.uk/blog/exercise-spotlight-standing-long-jump-broad-jump.html]
[www.strengthcoachglasgow.co.uk/blog/exercise-spotlight-walking-lunge.html]
[www.strengthcoachglasgow.co.uk/blog/exercise-spotlight-alekna.html]
[www.strengthcoachglasgow.co.uk/blog/when-will-gyms-in-glasgow-scotland-re-open.html]
[www.strengthcoachglasgow.co.uk/blog/exercise-spotlight-deadbug.html]
[www.strengthcoachglasgow.co.uk/blog/exercise-spotlight-box-squat.html]
[www.strengthcoachglasgow.co.uk/blog/previous/2.html]
[www.strengthcoachglasgow.co.uk/blog/archives/03-2021.html]
[www.strengthcoachglasgow.co.uk/blog/archives/07-2020.html]
[www.strengthcoachglasgow.co.uk/blog/archives/12-2020.html]
[www.strengthcoachglasgow.co.uk/blog/archives/06-2020.html]
[www.strengthcoachglasgow.co.uk/blog/archives/05-2020.html]
[www.strengthcoachglasgow.co.uk/blog/archives/04-2020.html]
[www.strengthcoachglasgow.co.uk/blog/archives/03-2020.html]
[www.strengthcoachglasgow.co.uk/blog/archives/02-2020.html]
[www.strengthcoachglasgow.co.uk/blog/archives/01-2020.html]
[www.strengthcoachglasgow.co.uk/blog/archives/12-2019.html]
[www.strengthcoachglasgow.co.uk/blog/archives/11-2019.html]
[www.strengthcoachglasgow.co.uk/blog/archives/10-2019.html]
[www.strengthcoachglasgow.co.uk/blog/archives/09-2019.html]
[www.strengthcoachglasgow.co.uk/blog/archives/08-2019.html]
[www.strengthcoachglasgow.co.uk/blog/archives/07-2019.html]
[www.strengthcoachglasgow.co.uk/blog/archives/06-2019.html]
[www.strengthcoachglasgow.co.uk/blog/archives/05-2019.html]
[www.strengthcoachglasgow.co.uk/blog/archives/04-2019.html]
[www.strengthcoachglasgow.co.uk/blog/archives/03-2019.html]
[www.strengthcoachglasgow.co.uk/blog/archives/02-2019.html]
[www.strengthcoachglasgow.co.uk/blog/archives/01-2019.html]
[www.strengthcoachglasgow.co.uk/blog/archives/12-2018.html]
[www.strengthcoachglasgow.co.uk/blog/category/all.html]
[www.strengthcoachglasgow.co.uk/blog/category/diet.html]
[www.strengthcoachglasgow.co.uk/blog/category/exercises.html]
[www.strengthcoachglasgow.co.uk/blog/category/exercise-spotlight.html]
[www.strengthcoachglasgow.co.uk/blog/category/goal-setting.html]
[www.strengthcoachglasgow.co.uk/blog/category/fitness.html]
[www.strengthcoachglasgow.co.uk/blog/category/gym.html]
[www.strengthcoachglasgow.co.uk/blog/category/home-workout.html]
[www.strengthcoachglasgow.co.uk/blog/category/olympic-weightlifting.html]
[www.strengthcoachglasgow.co.uk/blog/category/review.html]
[www.strengthcoachglasgow.co.uk/blog/category/weight-lifting-glasgow.html]
[www.strengthcoachglasgow.co.uk/blog/category/personal-trainer-glasgow.html]
[www.strengthcoachglasgow.co.uk/blog/category/weight-lifting-training.html]
[www.strengthcoachglasgow.co.uk/1/feed]
[cdn2.editmysite.com/images/old/bg_feed.gif]
[www.strengthcoachglasgow.co.uk/files/theme/plugins.js]
[www.strengthcoachglasgow.co.uk/blog.html]
[www.strengthcoachglasgow.co.uk/_/uploads/1/2/3/3/123320581/background-images/1565318044.html]
[www.strengthcoachglasgow.co.uk/_/uploads/1/2/3/3/123320581/background-images/483043010.html]
[www.strengthcoachglasgow.co.uk/_/uploads/1/2/3/3/123320581/background-images/302034363.html]
[www.strengthcoachglasgow.co.uk/files/theme/custom.js]
[www.strengthcoachglasgow.co.uk/uploads/1/2/3/3/123320581/815427-orig_3.png]
[www.strengthcoachglasgow.co.uk/offer.html]
[www.strengthcoachglasgow.co.uk/uploads/1/2/3/3/123320581/published/5gymmistakesinstascg01b2.png]
[www.strengthcoachglasgow.co.uk/uploads/1/2/3/3/123320581/published/failingtoplaninstascg7408.png]
[www.strengthcoachglasgow.co.uk/uploads/1/2/3/3/123320581/published/notwarmingupscg5e72.png]
[www.strengthcoachglasgow.co.uk/uploads/1/2/3/3/123320581/published/download-your-free-warm-up-guide-now_15883.png]
[www.strengthcoachglasgow.co.uk/uploads/1/2/3/3/123320581/published/notworkinghardscg7092.png]
[www.strengthcoachglasgow.co.uk/uploads/1/2/3/3/123320581/published/toomanyisolationinstascg0afd.png]
[www.strengthcoachglasgow.co.uk/uploads/1/2/3/3/123320581/published/programhoppingscgcdac.png]
[www.strengthcoachglasgow.co.uk/warm-up-guide.html]
[www.strengthcoachglasgow.co.uk/blog/5-most-common-gym-mistakes.html]
[www.strengthcoachglasgow.co.uk/uploads/1/2/3/3/123320581/published/5bestwlassistancescg5513.png]
[www.strengthcoachglasgow.co.uk/uploads/1/2/3/3/123320581/published/freesnatchhandbookscga2b8.png]
[www.strengthcoachglasgow.co.uk/blog/weight-training-getting-started-guide.html]
[www.strengthcoachglasgow.co.uk/blog/5-best-assistance-exercises-for-olympic-weightlifting.html]
[www.strengthcoachglasgow.co.uk/snatch-handbook.html]
[www.strengthcoachglasgow.co.uk/uploads/1/2/3/3/123320581/published/5tipsmaximiseresultsscg28e3.png]
[www.strengthcoachglasgow.co.uk/uploads/1/2/3/3/123320581/published/beconsistentinstascgfc2c.png]
[www.strengthcoachglasgow.co.uk/uploads/1/2/3/3/123320581/published/makesmallchangesinstascg62ff.png]
[www.strengthcoachglasgow.co.uk/uploads/1/2/3/3/123320581/published/buildhabitsinstascg9fcd.png]
[www.strengthcoachglasgow.co.uk/uploads/1/2/3/3/123320581/published/focuson20instascgdcb1.png]
[www.strengthcoachglasgow.co.uk/uploads/1/2/3/3/123320581/published/askforhelpinstascg217a.png]
[www.strengthcoachglasgow.co.uk/blog/5-tips-to-maximise-your-fitness-results.html]
[www.strengthcoachglasgow.co.uk/uploads/1/2/3/3/123320581/trximage_orig.jpg]
[www.strengthcoachglasgow.co.uk/uploads/1/2/3/3/123320581/icons8-dumbbell-64_orig.png]
[www.strengthcoachglasgow.co.uk/uploads/1/2/3/3/123320581/icons8-vegetarian-food-64_orig.png]
[www.strengthcoachglasgow.co.uk/uploads/1/2/3/3/123320581/icons8-planning-skill-64_orig.png]
[www.strengthcoachglasgow.co.uk/uploads/1/2/3/3/123320581/icons8-survey-64_orig.png]
[www.strengthcoachglasgow.co.uk/uploads/1/2/3/3/123320581/icons8-trust-64_orig.png]
[www.strengthcoachglasgow.co.uk/uploads/1/2/3/3/123320581/icons8-book-shelf-64_orig.png]
[www.strengthcoachglasgow.co.uk/at-home-personal-training.html]
[cdn2.editmysite.com/js/site/main-customer-accounts-site92ad.js]
[cdn2.editmysite.com/js/wsnbn/snowday262.js]
[www.strengthcoachglasgow.co.uk/b.html]
[www.strengthcoachglasgow.co.uk/POST.html]
[www.strengthcoachglasgow.co.uk/files/theme/fonts/9fd4ea0c-b19a-4b21-9fdf-37045707dd78.svg]
[www.strengthcoachglasgow.co.uk/files/theme/fonts/3966f856-9dcf-48e7-88e7-7400f1b7d619.svg]
[www.strengthcoachglasgow.co.uk/files/theme/fonts/52a192b1-bea5-4b48-879f-107f009b666f.svg]
[www.strengthcoachglasgow.co.uk/files/theme/fonts/1de7e6f4-9d4d-47e7-ab23-7d5cf10ab585.svg]
[www.strengthcoachglasgow.co.uk/files/theme/fonts/a89d6ad1-a04f-4a8f-b140-e55478dbea80.svg]
[www.strengthcoachglasgow.co.uk/files/theme/fonts/ed4d3c45-af64-4992-974b-c37cd12a9570.svg]
[www.strengthcoachglasgow.co.uk/files/theme/images/select-dropdown1097.svg]
[www.strengthcoachglasgow.co.uk/o.html]
[www.strengthcoachglasgow.co.uk/formSubmit.html]
[www.strengthcoachglasgow.co.uk/formSubmitAjax.html]
[www.strengthcoachglasgow.co.uk/weebly/libraries/videojs/video-js.html]
[www.strengthcoachglasgow.co.uk/AppleWebKit/index.html]
[www.strengthcoachglasgow.co.uk/Mobile/index.html]
[cdn2.editmysite.com/css/sitesc533.css]
[cdn2.editmysite.com/js/site/mainc533.js]
[cdn2.editmysite.com/js/lang/en/stla937.js]
[cdn2.editmysite.com/js/site/main-customer-accounts-sitec533.js]
[cdn2.editmysite.com/css/sitesf3be.css]
[cdn2.editmysite.com/js/site/mainf3be.js]
[cdn2.editmysite.com/js/site/main-customer-accounts-sitef3be.js]
[www.strengthcoachglasgow.co.uk/uploads/1/2/3/3/123320581/pxl-20210303-092813059.jpg]
[www.strengthcoachglasgow.co.uk/uploads/1/2/3/3/123320581/pxl-20210303-092847934.jpg]
[www.strengthcoachglasgow.co.uk/uploads/1/2/3/3/123320581/pxl-20210303-093141301.jpg]
[www.strengthcoachglasgow.co.uk/uploads/1/2/3/3/123320581/pxl-20210303-093342770.jpg]
[www.strengthcoachglasgow.co.uk/uploads/1/2/3/3/123320581/pxl-20210303-093447742_orig.jpg]
[www.strengthcoachglasgow.co.uk/uploads/1/2/3/3/123320581/pxl-20210303-092813059_orig.jpg]
[www.strengthcoachglasgow.co.uk/uploads/1/2/3/3/123320581/pxl-20210303-092847934_orig.jpg]
[www.strengthcoachglasgow.co.uk/uploads/1/2/3/3/123320581/pxl-20210303-093141301_orig.jpg]
[www.strengthcoachglasgow.co.uk/uploads/1/2/3/3/123320581/pxl-20210303-093342770_orig.jpg]
[www.strengthcoachglasgow.co.uk/blog/pull-up-mate-review.html]
[www.strengthcoachglasgow.co.uk/uploads/1/2/3/3/123320581/image-1-pt-roles-responsibilites_orig.png]
[www.strengthcoachglasgow.co.uk/uploads/1/2/3/3/123320581/image-2-qualified-pt_orig.png]
[www.strengthcoachglasgow.co.uk/uploads/1/2/3/3/123320581/image-3-study-method-graphic_orig.png]
[www.strengthcoachglasgow.co.uk/uploads/1/2/3/3/123320581/image-4-indicators-of-quality_orig.png]
[www.strengthcoachglasgow.co.uk/blog/how-to-become-a-personal-trainer-in-glasgow.html]
[www.strengthcoachglasgow.co.uk/blog/exercise-spotlight-side-plank.html]
[www.strengthcoachglasgow.co.uk/uploads/1/2/3/3/123320581/published/freesnatchhandbookscg101b.png]
[www.strengthcoachglasgow.co.uk/blog/exercise-spotlight-snatch.html]
[www.strengthcoachglasgow.co.uk/blog/exercise-spotlight-standing-long-jump-broad-jump.html]
[www.strengthcoachglasgow.co.uk/blog/exercise-spotlight-walking-lunge.html]
[www.strengthcoachglasgow.co.uk/blog/exercise-spotlight-alekna.html]
[www.strengthcoachglasgow.co.uk/blog/when-will-gyms-in-glasgow-scotland-re-open.html]
[www.strengthcoachglasgow.co.uk/blog/exercise-spotlight-deadbug.html]
[www.strengthcoachglasgow.co.uk/blog/exercise-spotlight-box-squat.html]
[www.strengthcoachglasgow.co.uk/uploads/1/2/3/3/123320581/weighttrainingblog_orig.png]
[www.strengthcoachglasgow.co.uk/uploads/1/2/3/3/123320581/latestupdateblog_orig.png]
[www.strengthcoachglasgow.co.uk/uploads/1/2/3/3/123320581/hoodiereviewblogpost_orig.png]
[www.strengthcoachglasgow.co.uk/uploads/1/2/3/3/123320581/exercisespotlightpendlayrow_orig.png]
[www.strengthcoachglasgow.co.uk/uploads/1/2/3/3/123320581/exercisespotlightpushpress_orig.png]
[www.strengthcoachglasgow.co.uk/uploads/1/2/3/3/123320581/ptathomeblog_orig.png]
[www.strengthcoachglasgow.co.uk/uploads/1/2/3/3/123320581/ptcostblog_orig.png]
[www.strengthcoachglasgow.co.uk/uploads/1/2/3/3/123320581/exercisespotlightseateddbpress_orig.png]
[www.strengthcoachglasgow.co.uk/uploads/1/2/3/3/123320581/exercisespotlightchin-upnegative_orig.png]
[www.strengthcoachglasgow.co.uk/uploads/1/2/3/3/123320581/exercisespotlightfrontsquat_orig.png]
[www.strengthcoachglasgow.co.uk/blog/latest-update-on-gyms-in-scotland-personal-trainers-in-glasgow-among-last-to-return.html]
[www.strengthcoachglasgow.co.uk/blog/born-tough-alfresco-parka-hoodie-review.html]
[www.strengthcoachglasgow.co.uk/blog/exercise-spotlight-pendlay-row.html]
[www.strengthcoachglasgow.co.uk/blog/exercise-spotlight-push-press.html]
[www.strengthcoachglasgow.co.uk/blog/is-at-home-personal-training-the-future-of-1-2-1-fitness-coaching.html]
[www.strengthcoachglasgow.co.uk/blog/how-much-does-personal-training-in-glasgow-cost.html]
[www.strengthcoachglasgow.co.uk/blog/exercise-spotlight-seated-dumbbell-press.html]
[www.strengthcoachglasgow.co.uk/blog/exercise-spotlight-chin-up-negative.html]
[www.strengthcoachglasgow.co.uk/blog/exercise-spotlight-front-squat.html]
[www.strengthcoachglasgow.co.uk/blog/previous/2.html]
[www.strengthcoachglasgow.co.uk/blog/previous/3.html]
[www.strengthcoachglasgow.co.uk/blog/archives/03-2021.html]
[www.strengthcoachglasgow.co.uk/blog/archives/12-2020.html]
[www.strengthcoachglasgow.co.uk/blog/archives/07-2020.html]
[www.strengthcoachglasgow.co.uk/blog/archives/06-2020.html]
[www.strengthcoachglasgow.co.uk/blog/archives/05-2020.html]
[www.strengthcoachglasgow.co.uk/uploads/1/2/3/3/123320581/exercisespotlightmodifiedcandlestick_orig.png]
[www.strengthcoachglasgow.co.uk/uploads/1/2/3/3/123320581/ptresourcesblog-2_orig.png]
[www.strengthcoachglasgow.co.uk/blog/exercise-spotlight-modified-candlestick.html]
[www.strengthcoachglasgow.co.uk/blog/strength-coach-glasgow-personal-trainer-ultimate-resource-blog.html]
[www.strengthcoachglasgow.co.uk/blog/archives/04-2020.html]
[www.strengthcoachglasgow.co.uk/uploads/1/2/3/3/123320581/5tipsformaintainingstrenth-1_orig.png]
[www.strengthcoachglasgow.co.uk/blog/5-tips-for-maintaining-or-even-improving-strength-while-training-at-home.html]
[www.strengthcoachglasgow.co.uk/blog/archives/03-2020.html]
[www.strengthcoachglasgow.co.uk/uploads/1/2/3/3/123320581/exercisespotlightinclinebenchdbrow_orig.png]
[www.strengthcoachglasgow.co.uk/blog/exercise-spotlight-incline-bench-dumbbell-row.html]
[www.strengthcoachglasgow.co.uk/blog/archives/02-2020.html]
[www.strengthcoachglasgow.co.uk/uploads/1/2/3/3/123320581/exercisespotlightdbbenchpress_orig.png]
[www.strengthcoachglasgow.co.uk/blog/exercise-spotlight-dumbbell-bench-press.html]
[www.strengthcoachglasgow.co.uk/blog/archives/01-2020.html]
[www.strengthcoachglasgow.co.uk/uploads/1/2/3/3/123320581/exercisespotlightseatedboxjump_orig.png]
[www.strengthcoachglasgow.co.uk/blog/exercise-spotlight-seated-box-jump.html]
[www.strengthcoachglasgow.co.uk/blog/archives/12-2019.html]
[www.strengthcoachglasgow.co.uk/uploads/1/2/3/3/123320581/exercisespotlightinclinepress_orig.png]
[www.strengthcoachglasgow.co.uk/blog/exercise-spotlight-incline-dumbbell-press.html]
[www.strengthcoachglasgow.co.uk/blog/archives/11-2019.html]
[www.strengthcoachglasgow.co.uk/uploads/1/2/3/3/123320581/exercisespotlightfacepull_orig.png]
[www.strengthcoachglasgow.co.uk/blog/exercise-spotlight-face-pull.html]
[www.strengthcoachglasgow.co.uk/blog/archives/10-2019.html]
[www.strengthcoachglasgow.co.uk/uploads/1/2/3/3/123320581/exercisespotlightstandingdbpress_orig.png]
[www.strengthcoachglasgow.co.uk/blog/archives/09-2019.html]
[www.strengthcoachglasgow.co.uk/blog/exercise-spotlight-standing-dumbbell-press.html]
[www.strengthcoachglasgow.co.uk/uploads/1/2/3/3/123320581/exercisespotlightbentoverrearfly_orig.png]
[www.strengthcoachglasgow.co.uk/uploads/1/2/3/3/123320581/exercisespotlightlowsplitdbpress_orig.png]
[www.strengthcoachglasgow.co.uk/uploads/1/2/3/3/123320581/exercisespotlightinvertedrow_orig.png]
[www.strengthcoachglasgow.co.uk/uploads/1/2/3/3/123320581/editor/award2381a.png]
[www.strengthcoachglasgow.co.uk/uploads/1/2/3/3/123320581/exercisespotlightpressup_orig.png]
[www.strengthcoachglasgow.co.uk/blog/exercise-spotlight-bent-over-rear-fly.html]
[www.strengthcoachglasgow.co.uk/blog/exercise-spotlight-low-split-db-press.html]
[www.strengthcoachglasgow.co.uk/blog/exercise-spotlight-inverted-row.html]
[www.strengthcoachglasgow.co.uk/blog/origym-awards-best-personal-trainer-in-glasgow.html]
[www.strengthcoachglasgow.co.uk/blog/exercise-spotlight-press-up.html]
[www.strengthcoachglasgow.co.uk/blog/archives/08-2019.html]
[www.strengthcoachglasgow.co.uk/uploads/1/2/3/3/123320581/exercisespotlighthanginglegraise_orig.png]
[www.strengthcoachglasgow.co.uk/uploads/1/2/3/3/123320581/exercisespotlighthangkneeraise_orig.png]
[www.strengthcoachglasgow.co.uk/uploads/1/2/3/3/123320581/exercisespotlightgoodmorning_orig.png]
[www.strengthcoachglasgow.co.uk/uploads/1/2/3/3/123320581/exercisespotlightromaniandeadlift_orig.png]
[www.strengthcoachglasgow.co.uk/blog/exercise-spotlight-hanging-leg-raise.html]
[www.strengthcoachglasgow.co.uk/blog/exercise-spotlight-hanging-knee-raise.html]
[www.strengthcoachglasgow.co.uk/blog/exercise-spotlight-good-morning.html]
[www.strengthcoachglasgow.co.uk/blog/exercise-spotlight-romanian-deadlift.html]
[www.strengthcoachglasgow.co.uk/blog/archives/07-2019.html]
[www.strengthcoachglasgow.co.uk/uploads/1/2/3/3/123320581/exercisespotlightseatedrow_orig.png]
[www.strengthcoachglasgow.co.uk/uploads/1/2/3/3/123320581/exercisespotlightsquatjump_orig.png]
[www.strengthcoachglasgow.co.uk/uploads/1/2/3/3/123320581/exercisespotlightchinup_orig.png]
[www.strengthcoachglasgow.co.uk/uploads/1/2/3/3/123320581/exercisespotlightreverselunge_orig.png]
[www.strengthcoachglasgow.co.uk/blog/exercise-spotlight-seated-row.html]
[www.strengthcoachglasgow.co.uk/blog/exercise-spotlight-loaded-squat-jump.html]
[www.strengthcoachglasgow.co.uk/blog/exercise-spotlight-chin-up.html]
[www.strengthcoachglasgow.co.uk/blog/exercise-spotlight-reverse-lunge.html]
[www.strengthcoachglasgow.co.uk/blog/archives/06-2019.html]
[www.strengthcoachglasgow.co.uk/uploads/1/2/3/3/123320581/exercisespotlightverticaljump_orig.png]
[www.strengthcoachglasgow.co.uk/uploads/1/2/3/3/123320581/exercisespotlightdips_orig.png]
[www.strengthcoachglasgow.co.uk/uploads/1/2/3/3/123320581/exercisespotlightsnatchdeadlift_orig.png]
[www.strengthcoachglasgow.co.uk/uploads/1/2/3/3/123320581/exercisespotlightplank_orig.png]
[www.strengthcoachglasgow.co.uk/blog/exercise-spotlight-vertical-jump.html]
[www.strengthcoachglasgow.co.uk/blog/exercise-spotlight-dips.html]
[www.strengthcoachglasgow.co.uk/blog/exercise-spotlight-snatch-deadlift.html]
[www.strengthcoachglasgow.co.uk/blog/exercise-spotlight-plank.html]
[www.strengthcoachglasgow.co.uk/blog/archives/05-2019.html]
[www.strengthcoachglasgow.co.uk/uploads/1/2/3/3/123320581/4simplestrengthcover_orig.png]
[www.strengthcoachglasgow.co.uk/uploads/1/2/3/3/123320581/exercisespotlightsarow_orig.png]
[www.strengthcoachglasgow.co.uk/uploads/1/2/3/3/123320581/exercisespotlightboxjump_orig.png]
[www.strengthcoachglasgow.co.uk/blog/4-simple-steps-for-sustained-strength-progress.html]
[www.strengthcoachglasgow.co.uk/blog/exercise-spotlight-single-arm-row.html]
[www.strengthcoachglasgow.co.uk/blog/exercise-spotlight-box-jump.html]
[www.strengthcoachglasgow.co.uk/blog/archives/04-2019.html]
[www.strengthcoachglasgow.co.uk/uploads/1/2/3/3/123320581/published/5strengthmythsscgf752.png]
[www.strengthcoachglasgow.co.uk/uploads/1/2/3/3/123320581/published/5fatlossmythsscgfb71.png]
[www.strengthcoachglasgow.co.uk/uploads/1/2/3/3/123320581/published/5benefitsolyliftinginstascgd9e4.png]
[www.strengthcoachglasgow.co.uk/blog/5-things-you-can-get-stronger-without.html]
[www.strengthcoachglasgow.co.uk/blog/5-fat-loss-myths.html]
[www.strengthcoachglasgow.co.uk/blog/5-benefits-of-olympic-weightlifting.html]
[www.strengthcoachglasgow.co.uk/blog/archives/03-2019.html]
[www.strengthcoachglasgow.co.uk/uploads/1/2/3/3/123320581/exercisespotlightbenchpress_orig.png]
[www.strengthcoachglasgow.co.uk/uploads/1/2/3/3/123320581/exercisespotlightbentoverrow_orig.png]
[www.strengthcoachglasgow.co.uk/uploads/1/2/3/3/123320581/published/copy-of-5diettipsforfatloss8f86.png]
[www.strengthcoachglasgow.co.uk/uploads/1/2/3/3/123320581/exercisespotlightdeadlift_orig.png]
[www.strengthcoachglasgow.co.uk/uploads/1/2/3/3/123320581/exercisespotlightohpress_orig.png]
[www.strengthcoachglasgow.co.uk/uploads/1/2/3/3/123320581/exercisespotlighthkdbpress_orig.png]
[www.strengthcoachglasgow.co.uk/uploads/1/2/3/3/123320581/published/5gymbagessentialsscg38c7.png]
[www.strengthcoachglasgow.co.uk/uploads/1/2/3/3/123320581/exercisespotlightlatpulldown_orig.png]
[www.strengthcoachglasgow.co.uk/uploads/1/2/3/3/123320581/exercisespotlightkettlebellswing_orig.png]
[www.strengthcoachglasgow.co.uk/uploads/1/2/3/3/123320581/exercisespotlightbacksquatbig_orig.png]
[www.strengthcoachglasgow.co.uk/blog/exercise-spotlight-bench-press.html]
[www.strengthcoachglasgow.co.uk/blog/exercise-spotlight-bent-over-row.html]
[www.strengthcoachglasgow.co.uk/blog/5-diet-tips-for-fat-loss.html]
[www.strengthcoachglasgow.co.uk/blog/exercise-spotlight-barbell-deadlift.html]
[www.strengthcoachglasgow.co.uk/blog/exercise-spotlight-overhead-strict-barbell-press.html]
[www.strengthcoachglasgow.co.uk/blog/exercise-spotlight-half-kneeling-overhead-dumbbell-press.html]
[www.strengthcoachglasgow.co.uk/blog/5-accessories-that-should-be-in-your-gym-bag.html]
[www.strengthcoachglasgow.co.uk/blog/exercise-spotlight-the-lat-pulldown.html]
[www.strengthcoachglasgow.co.uk/blog/exercise-spotlight-the-kettlebell-swing.html]
[www.strengthcoachglasgow.co.uk/blog/exercise-spotlight-the-barbell-back-squat.html]
[www.strengthcoachglasgow.co.uk/blog/archives/02-2019.html]
[www.strengthcoachglasgow.co.uk/blog/archives/02-2019/2.html]
[www.strengthcoachglasgow.co.uk/uploads/1/2/3/3/123320581/editor/5reasonsyouneedcoachscgb9ea.png]
[www.strengthcoachglasgow.co.uk/uploads/1/2/3/3/123320581/published/5movementsscg_13eb4.png]
[www.strengthcoachglasgow.co.uk/blog/5-reasons-you-need-a-coach.html]
[www.strengthcoachglasgow.co.uk/blog/5-movements-that-should-be-in-every-gym-program.html]
[www.strengthcoachglasgow.co.uk/blog/archives/01-2019.html]
[www.strengthcoachglasgow.co.uk/uploads/1/2/3/3/123320581/published/5stepsgoalsscg2d92.png]
[www.strengthcoachglasgow.co.uk/uploads/1/2/3/3/123320581/gym-membership-blog_orig.jpg]
[www.strengthcoachglasgow.co.uk/blog/5-steps-for-setting-goals-and-sticking-to-them.html]
[www.strengthcoachglasgow.co.uk/blog/break-up-with-your-gym-this-january-why-your-gym-membership-is-a-false-economy.html]
[www.strengthcoachglasgow.co.uk/blog/archives/12-2018.html]
[www.strengthcoachglasgow.co.uk/blog/category/all.html]
[www.strengthcoachglasgow.co.uk/blog/category/all/2.html]
[www.strengthcoachglasgow.co.uk/uploads/1/2/3/3/123320581/published/5supplementsscg3cac.png]
[www.strengthcoachglasgow.co.uk/blog/5-supplements-to-help-you-reach-your-full-potential.html]
[www.strengthcoachglasgow.co.uk/blog/category/diet.html]
[www.strengthcoachglasgow.co.uk/blog/category/exercises.html]
[www.strengthcoachglasgow.co.uk/blog/category/exercises/2.html]
[www.strengthcoachglasgow.co.uk/blog/category/exercise-spotlight.html]
[www.strengthcoachglasgow.co.uk/blog/category/exercise-spotlight/2.html]
[www.strengthcoachglasgow.co.uk/blog/category/fitness.html]
[www.strengthcoachglasgow.co.uk/blog/category/fitness/2.html]
[www.strengthcoachglasgow.co.uk/blog/category/goal-setting.html]
[www.strengthcoachglasgow.co.uk/blog/category/gym.html]
[www.strengthcoachglasgow.co.uk/blog/category/gym/2.html]
[www.strengthcoachglasgow.co.uk/blog/category/home-workout.html]
[www.strengthcoachglasgow.co.uk/blog/category/home-workout/2.html]
[www.strengthcoachglasgow.co.uk/blog/category/olympic-weightlifting.html]
[www.strengthcoachglasgow.co.uk/blog/category/personal-trainer-glasgow/2.html]
[www.strengthcoachglasgow.co.uk/blog/category/personal-trainer-glasgow.html]
[www.strengthcoachglasgow.co.uk/blog/category/review.html]
[www.strengthcoachglasgow.co.uk/blog/category/weight-lifting-glasgow.html]
[www.strengthcoachglasgow.co.uk/blog/category/weight-lifting-glasgow/2.html]
[www.strengthcoachglasgow.co.uk/blog/category/weight-lifting-training.html]
[www.strengthcoachglasgow.co.uk/blog/_/uploads/1/2/3/3/123320581/background-images/1565318044.html]
[www.strengthcoachglasgow.co.uk/blog/category/weight-lifting-training/2.html]
[www.strengthcoachglasgow.co.uk/uploads/1/2/3/3/123320581/download-your-free-warm-up-guide-now_orig.png]
[www.strengthcoachglasgow.co.uk/warm-up-guide.html]
[www.strengthcoachglasgow.co.uk/privacy-policy.html]
[www.strengthcoachglasgow.co.uk/uploads/1/2/3/3/123320581/bench_orig.jpg]
[www.strengthcoachglasgow.co.uk/uploads/1/2/3/3/123320581/strengthbenefits_orig.png]
[www.strengthcoachglasgow.co.uk/uploads/1/2/3/3/123320581/published/931226564cfbe.png]
[www.strengthcoachglasgow.co.uk/uploads/1/2/3/3/123320581/831896205_orig.png]
[www.strengthcoachglasgow.co.uk/uploads/1/2/3/3/123320581/424151150_orig.png]
[www.strengthcoachglasgow.co.uk/blog/weight-training-getting-started-guide.html]
[www.strengthcoachglasgow.co.uk/blog/5-benefits-of-weight-training.html]
[www.strengthcoachglasgow.co.uk/uploads/1/2/3/3/123320581/downloadfreesnatchhandbooknow_orig.png]
[www.strengthcoachglasgow.co.uk/snatch-handbook.html]
[www.strengthcoachglasgow.co.uk/ecommerce.html]
[www.strengthcoachglasgow.co.uk/store/account/index.html]
[www.strengthcoachglasgow.co.uk/images/customer-accounts/arrow-left.html]
[www.strengthcoachglasgow.co.uk/images/customer-accounts/check.html]
[www.strengthcoachglasgow.co.uk/images/customer-accounts/close-icon.html]
[www.strengthcoachglasgow.co.uk/dist/index.html]
[www.strengthcoachglasgow.co.uk/ABCDEFGHIJKLMNOPQRSTUVWXYZabcdefghijklmnopqrstuvwxyz0123456789+/index.html]
[www.strengthcoachglasgow.co.uk/payload.html]
[www.strengthcoachglasgow.co.uk/blog/previous/_/uploads/1/2/3/3/123320581/background-images/1565318044.html]
[www.strengthcoachglasgow.co.uk/uploads/1/2/3/3/123320581/routemapsq_orig.jpg]
[www.strengthcoachglasgow.co.uk/blog/latest-update-on-gyms-in-scotland-personal-trainers-in-glasgow-among-last-to-return.html]
[www.strengthcoachglasgow.co.uk/uploads/1/2/3/3/123320581/back.png]
[www.strengthcoachglasgow.co.uk/uploads/1/2/3/3/123320581/front.png]
[www.strengthcoachglasgow.co.uk/uploads/1/2/3/3/123320581/phonepocket.png]
[www.strengthcoachglasgow.co.uk/uploads/1/2/3/3/123320581/back_orig.png]
[www.strengthcoachglasgow.co.uk/uploads/1/2/3/3/123320581/front_orig.png]
[www.strengthcoachglasgow.co.uk/uploads/1/2/3/3/123320581/phonepocket_orig.png]
[www.strengthcoachglasgow.co.uk/blog/born-tough-alfresco-parka-hoodie-review.html]
[www.strengthcoachglasgow.co.uk/blog/exercise-spotlight-pendlay-row.html]
[www.strengthcoachglasgow.co.uk/blog/exercise-spotlight-push-press.html]
[www.strengthcoachglasgow.co.uk/blog/is-at-home-personal-training-the-future-of-1-2-1-fitness-coaching.html]
[www.strengthcoachglasgow.co.uk/blog/how-much-does-personal-training-in-glasgow-cost.html]
[www.strengthcoachglasgow.co.uk/blog/exercise-spotlight-seated-dumbbell-press.html]
[www.strengthcoachglasgow.co.uk/blog/exercise-spotlight-chin-up-negative.html]
[www.strengthcoachglasgow.co.uk/blog/exercise-spotlight-front-squat.html]
[www.strengthcoachglasgow.co.uk/blog/previous/3.html]
[www.strengthcoachglasgow.co.uk/blog/archives/_/uploads/1/2/3/3/123320581/background-images/1565318044.html]
[www.strengthcoachglasgow.co.uk/blog/previous/4.html]
[www.strengthcoachglasgow.co.uk/blog/exercise-spotlight-modified-candlestick.html]
[www.strengthcoachglasgow.co.uk/blog/strength-coach-glasgow-personal-trainer-ultimate-resource-blog.html]
[www.strengthcoachglasgow.co.uk/uploads/1/2/3/3/123320581/865161003_orig.png]
[www.strengthcoachglasgow.co.uk/strength-training-at-home.html]
[www.strengthcoachglasgow.co.uk/blog/5-tips-for-maintaining-or-even-improving-strength-while-training-at-home.html]
[www.strengthcoachglasgow.co.uk/blog/exercise-spotlight-incline-bench-dumbbell-row.html]
[www.strengthcoachglasgow.co.uk/blog/exercise-spotlight-dumbbell-bench-press.html]
[www.strengthcoachglasgow.co.uk/blog/exercise-spotlight-seated-box-jump.html]
[www.strengthcoachglasgow.co.uk/blog/exercise-spotlight-incline-dumbbell-press.html]
[www.strengthcoachglasgow.co.uk/blog/exercise-spotlight-face-pull.html]
[www.strengthcoachglasgow.co.uk/blog/exercise-spotlight-standing-dumbbell-press.html]
[www.strengthcoachglasgow.co.uk/blog/exercise-spotlight-bent-over-rear-fly.html]
[www.strengthcoachglasgow.co.uk/blog/exercise-spotlight-low-split-db-press.html]
[www.strengthcoachglasgow.co.uk/blog/exercise-spotlight-inverted-row.html]
[www.strengthcoachglasgow.co.uk/uploads/1/2/3/3/123320581/editor/1j5a80760ea7.jpg]
[www.strengthcoachglasgow.co.uk/blog/origym-awards-best-personal-trainer-in-glasgow.html]
[www.strengthcoachglasgow.co.uk/blog/exercise-spotlight-press-up.html]
[www.strengthcoachglasgow.co.uk/blog/exercise-spotlight-hanging-leg-raise.html]
[www.strengthcoachglasgow.co.uk/blog/exercise-spotlight-hanging-knee-raise.html]
[www.strengthcoachglasgow.co.uk/blog/exercise-spotlight-good-morning.html]
[www.strengthcoachglasgow.co.uk/blog/exercise-spotlight-romanian-deadlift.html]
[www.strengthcoachglasgow.co.uk/blog/exercise-spotlight-seated-row.html]
[www.strengthcoachglasgow.co.uk/blog/exercise-spotlight-loaded-squat-jump.html]
[www.strengthcoachglasgow.co.uk/blog/exercise-spotlight-chin-up.html]
[www.strengthcoachglasgow.co.uk/blog/exercise-spotlight-reverse-lunge.html]
[www.strengthcoachglasgow.co.uk/blog/exercise-spotlight-vertical-jump.html]
[www.strengthcoachglasgow.co.uk/blog/exercise-spotlight-dips.html]
[www.strengthcoachglasgow.co.uk/blog/exercise-spotlight-snatch-deadlift.html]
[www.strengthcoachglasgow.co.uk/blog/exercise-spotlight-plank.html]
[www.strengthcoachglasgow.co.uk/uploads/1/2/3/3/123320581/4simplestrengthcover_orig.png]
[www.strengthcoachglasgow.co.uk/uploads/1/2/3/3/123320581/editor/4simplestrengthsteps-1movements9cd8.png]
[www.strengthcoachglasgow.co.uk/uploads/1/2/3/3/123320581/editor/4simplestrengthsteps-2consistency46f7.png]
[www.strengthcoachglasgow.co.uk/uploads/1/2/3/3/123320581/editor/4simplestrengthsteps-3liftheavier3f30.png]
[www.strengthcoachglasgow.co.uk/uploads/1/2/3/3/123320581/editor/4simplestrengthsteps-4recover20e7.png]
[www.strengthcoachglasgow.co.uk/blog/4-simple-steps-for-sustained-strength-progress.html]
[www.strengthcoachglasgow.co.uk/blog/exercise-spotlight-single-arm-row.html]
[www.strengthcoachglasgow.co.uk/blog/exercise-spotlight-box-jump.html]
[www.strengthcoachglasgow.co.uk/uploads/1/2/3/3/123320581/published/5benefitsolyliftinginstascgd9e4.png]
[www.strengthcoachglasgow.co.uk/uploads/1/2/3/3/123320581/published/5strengthmyths1avoidcardioscge0ef.png]
[www.strengthcoachglasgow.co.uk/uploads/1/2/3/3/123320581/published/5strengthmyths2addingweightscg2049.png]
[www.strengthcoachglasgow.co.uk/uploads/1/2/3/3/123320581/published/5strengthmyths3eatinganything-everythingscgfa1d.png]
[www.strengthcoachglasgow.co.uk/uploads/1/2/3/3/123320581/published/5strengthmyths4squatordeadliftscg259b.png]
[www.strengthcoachglasgow.co.uk/uploads/1/2/3/3/123320581/published/5strengthmyths5accommodatingresistancescg6168.png]
[www.strengthcoachglasgow.co.uk/blog/5-things-you-can-get-stronger-without.html]
[www.strengthcoachglasgow.co.uk/uploads/1/2/3/3/123320581/published/5fatlossmythsspotreductionscg7288.png]
[www.strengthcoachglasgow.co.uk/uploads/1/2/3/3/123320581/published/5fatlossmythswholesaledietexclusionsscg60e0.png]
[www.strengthcoachglasgow.co.uk/uploads/1/2/3/3/123320581/published/5fatlossmythsendlesscardioscg2dd6.png]
[www.strengthcoachglasgow.co.uk/uploads/1/2/3/3/123320581/published/5fatlossmythseatsmallscg339d.png]
[www.strengthcoachglasgow.co.uk/uploads/1/2/3/3/123320581/published/5fatlossmythssuperfoodsscg05bc.png]
[www.strengthcoachglasgow.co.uk/blog/5-fat-loss-myths.html]
[www.strengthcoachglasgow.co.uk/uploads/1/2/3/3/123320581/published/opentoallolybenefitsscgdbd4.png]
[www.strengthcoachglasgow.co.uk/uploads/1/2/3/3/123320581/published/communityolybenefitsscg62c9.png]
[www.strengthcoachglasgow.co.uk/uploads/1/2/3/3/123320581/published/skillacquisionolybenefitsscgd864.png]
[www.strengthcoachglasgow.co.uk/uploads/1/2/3/3/123320581/published/bodycompolybenefitsscg13f6.png]
[www.strengthcoachglasgow.co.uk/uploads/1/2/3/3/123320581/published/physicalabilitiesolybenefitsscg1d3d.png]
[www.strengthcoachglasgow.co.uk/uploads/1/2/3/3/123320581/401847549_orig.png]
[www.strengthcoachglasgow.co.uk/blog/5-benefits-of-olympic-weightlifting.html]
[www.strengthcoachglasgow.co.uk/uploads/1/2/3/3/123320581/672353956_orig.png]
[www.strengthcoachglasgow.co.uk/blog/exercise-spotlight-bench-press.html]
[www.strengthcoachglasgow.co.uk/uploads/1/2/3/3/123320581/551573597_orig.png]
[www.strengthcoachglasgow.co.uk/blog/exercise-spotlight-bent-over-row.html]
[www.strengthcoachglasgow.co.uk/uploads/1/2/3/3/123320581/published/copy-of-trackdiettips947f.png]
[www.strengthcoachglasgow.co.uk/uploads/1/2/3/3/123320581/published/copy-of-planaheaddiettips4156.png]
[www.strengthcoachglasgow.co.uk/uploads/1/2/3/3/123320581/published/copy-of-eatproteindiettips4064.png]
[www.strengthcoachglasgow.co.uk/uploads/1/2/3/3/123320581/published/eatyourcaloriesdiettipsscg900c.png]
[www.strengthcoachglasgow.co.uk/uploads/1/2/3/3/123320581/published/eathigherqualitydiettipsscgfb09.png]
[www.strengthcoachglasgow.co.uk/uploads/1/2/3/3/123320581/365996598_orig.png]
[www.strengthcoachglasgow.co.uk/blog/5-diet-tips-for-fat-loss.html]
[www.strengthcoachglasgow.co.uk/blog/exercise-spotlight-barbell-deadlift.html]
[www.strengthcoachglasgow.co.uk/blog/exercise-spotlight-overhead-strict-barbell-press.html]
[www.strengthcoachglasgow.co.uk/blog/exercise-spotlight-half-kneeling-overhead-dumbbell-press.html]
[www.strengthcoachglasgow.co.uk/uploads/1/2/3/3/123320581/published/5accswristwrapsscga03c.png]
[www.strengthcoachglasgow.co.uk/uploads/1/2/3/3/123320581/published/5accsgripaidsscg9cad.png]
[www.strengthcoachglasgow.co.uk/uploads/1/2/3/3/123320581/published/5accsliftingshoesscg863e.png]
[www.strengthcoachglasgow.co.uk/uploads/1/2/3/3/123320581/published/5accstrainingdiaryscgd25e.png]
[www.strengthcoachglasgow.co.uk/uploads/1/2/3/3/123320581/published/5accsshakerscg93c0.png]
[www.strengthcoachglasgow.co.uk/blog/5-accessories-that-should-be-in-your-gym-bag.html]
[www.strengthcoachglasgow.co.uk/blog/exercise-spotlight-the-lat-pulldown.html]
[www.strengthcoachglasgow.co.uk/uploads/1/2/3/3/123320581/limited-time-offer-red-sticker-mini_orig.gif]
[www.strengthcoachglasgow.co.uk/blog/exercise-spotlight-the-kettlebell-swing.html]
[www.strengthcoachglasgow.co.uk/blog/exercise-spotlight-the-barbell-back-squat.html]
[www.strengthcoachglasgow.co.uk/uploads/1/2/3/3/123320581/editor/5benefitsweightsscg_10e4a.png]
[www.strengthcoachglasgow.co.uk/blog/archives/02-2019/2.html]
[www.strengthcoachglasgow.co.uk/uploads/1/2/3/3/123320581/published/5coachexperienceexpertisescgd08d.png]
[www.strengthcoachglasgow.co.uk/uploads/1/2/3/3/123320581/published/5coachaccountabilityscg2fc9.png]
[www.strengthcoachglasgow.co.uk/uploads/1/2/3/3/123320581/published/5coachmotivationscgd757.png]
[www.strengthcoachglasgow.co.uk/uploads/1/2/3/3/123320581/published/5coachtechnicalcoachingscg9b01.png]
[www.strengthcoachglasgow.co.uk/uploads/1/2/3/3/123320581/published/5coachperiodprogramscg0789.png]
[cdn2.editmysite.com/css/sites7554.css]
[cdn2.editmysite.com/js/site/main7554.js]
[cdn2.editmysite.com/js/lang/en/stlce0c.js]
[cdn2.editmysite.com/js/site/main-customer-accounts-site7554.js]
[www.strengthcoachglasgow.co.uk/blog/5-reasons-you-need-a-coach.html]
[www.strengthcoachglasgow.co.uk/uploads/1/2/3/3/123320581/published/5movementssquatscgce15.png]
[www.strengthcoachglasgow.co.uk/uploads/1/2/3/3/123320581/published/5movementshingescg0430.png]
[www.strengthcoachglasgow.co.uk/uploads/1/2/3/3/123320581/published/5movementspushscg09de.png]
[www.strengthcoachglasgow.co.uk/uploads/1/2/3/3/123320581/published/5movementspullscgbad7.png]
[www.strengthcoachglasgow.co.uk/uploads/1/2/3/3/123320581/published/5movementscarryscg03ad.png]
[www.strengthcoachglasgow.co.uk/blog/5-movements-that-should-be-in-every-gym-program.html]
[www.strengthcoachglasgow.co.uk/uploads/1/2/3/3/123320581/published/5stepsgoalssetagoalscg0846.png]
[www.strengthcoachglasgow.co.uk/uploads/1/2/3/3/123320581/published/5stepsgoalsidentifyhabitsscgda54.png]
[www.strengthcoachglasgow.co.uk/uploads/1/2/3/3/123320581/published/5stepsgoalssetprocessgoalsscgac11.png]
[www.strengthcoachglasgow.co.uk/uploads/1/2/3/3/123320581/published/5stepsgoalstrackprogressscgfec0.png]
[www.strengthcoachglasgow.co.uk/uploads/1/2/3/3/123320581/published/5stepsgoalsevaluate-reviewscg083d.png]
[www.strengthcoachglasgow.co.uk/blog/5-steps-for-setting-goals-and-sticking-to-them.html]
[www.strengthcoachglasgow.co.uk/uploads/1/2/3/3/123320581/published/gymmembershipflowchartscg936d.png]
[www.strengthcoachglasgow.co.uk/blog/break-up-with-your-gym-this-january-why-your-gym-membership-is-a-false-economy.html]
[www.strengthcoachglasgow.co.uk/blog/category/_/uploads/1/2/3/3/123320581/background-images/1565318044.html]
[www.strengthcoachglasgow.co.uk/blog/category/all/2.html]
[www.strengthcoachglasgow.co.uk/blog/category/all/3.html]
[www.strengthcoachglasgow.co.uk/uploads/1/2/3/3/123320581/published/5supswheyscg_13ee6.png]
[www.strengthcoachglasgow.co.uk/uploads/1/2/3/3/123320581/published/5supscreatinescg2df2.png]
[www.strengthcoachglasgow.co.uk/uploads/1/2/3/3/123320581/published/5supscaffeinescg3f64.png]
[www.strengthcoachglasgow.co.uk/uploads/1/2/3/3/123320581/published/5supsomega3scg80b5.png]
[www.strengthcoachglasgow.co.uk/uploads/1/2/3/3/123320581/published/5supszmascg5270.png]
[www.strengthcoachglasgow.co.uk/blog/5-supplements-to-help-you-reach-your-full-potential.html]
[www.strengthcoachglasgow.co.uk/blog/category/exercises/2.html]
[www.strengthcoachglasgow.co.uk/blog/category/exercises/3.html]
[www.strengthcoachglasgow.co.uk/blog/category/exercise-spotlight/2.html]
[www.strengthcoachglasgow.co.uk/blog/category/exercise-spotlight/3.html]
[www.strengthcoachglasgow.co.uk/blog/category/fitness/2.html]
[www.strengthcoachglasgow.co.uk/blog/category/gym/2.html]
[www.strengthcoachglasgow.co.uk/blog/category/gym/3.html]
[www.strengthcoachglasgow.co.uk/blog/category/home-workout/2.html]
[www.strengthcoachglasgow.co.uk/blog/category/personal-trainer-glasgow/2.html]
[www.strengthcoachglasgow.co.uk/blog/category/personal-trainer-glasgow/3.html]
[www.strengthcoachglasgow.co.uk/blog/category/weight-lifting-glasgow/2.html]
[www.strengthcoachglasgow.co.uk/blog/category/weight-lifting-glasgow/3.html]
[www.strengthcoachglasgow.co.uk/blog/category/weight-lifting-training/2.html]
[www.strengthcoachglasgow.co.uk/privacy-policy.html]
[www.strengthcoachglasgow.co.uk/blog/category/weight-lifting-training/3.html]
[www.strengthcoachglasgow.co.uk/uploads/1/2/3/3/123320581/editor/improvedbodyconscg_1396b.png]
[www.strengthcoachglasgow.co.uk/uploads/1/2/3/3/123320581/editor/betteradherencescg7b33.png]
[www.strengthcoachglasgow.co.uk/uploads/1/2/3/3/123320581/editor/protectagainstscg92e6.png]
[www.strengthcoachglasgow.co.uk/uploads/1/2/3/3/123320581/editor/performhobbyscg_15f28.png]
[www.strengthcoachglasgow.co.uk/uploads/1/2/3/3/123320581/editor/reducenigglesscgf54a.png]
[www.strengthcoachglasgow.co.uk/uploads/1/2/3/3/123320581/editor/img-20190205-1141282f3a.jpg]
[www.strengthcoachglasgow.co.uk/blog/5-benefits-of-weight-training.html]
[www.strengthcoachglasgow.co.uk/blog/previous/4.html]
[www.strengthcoachglasgow.co.uk/blog/previous/5.html]
[www.strengthcoachglasgow.co.uk/uploads/1/2/3/3/123320581/downloadstrengthtrainingathomenow_1.png]
[www.strengthcoachglasgow.co.uk/strength-training-at-home.html]
[www.strengthcoachglasgow.co.uk/blog/archives/02-2019/_/uploads/1/2/3/3/123320581/background-images/1565318044.html]
[cdn2.editmysite.com/css/sites7554.css]
[cdn2.editmysite.com/js/site/main7554.js]
[cdn2.editmysite.com/js/lang/en/stlce0c.js]
[cdn2.editmysite.com/js/site/main-customer-accounts-site7554.js]
[www.strengthcoachglasgow.co.uk/blog/category/all/_/uploads/1/2/3/3/123320581/background-images/1565318044.html]
[www.strengthcoachglasgow.co.uk/uploads/1/2/3/3/123320581/published/5movementssquatscgce15.png]
[www.strengthcoachglasgow.co.uk/blog/category/all/3.html]
[www.strengthcoachglasgow.co.uk/blog/category/exercises/_/uploads/1/2/3/3/123320581/background-images/1565318044.html]
[www.strengthcoachglasgow.co.uk/blog/category/all/4.html]
[www.strengthcoachglasgow.co.uk/blog/category/exercises/3.html]
[www.strengthcoachglasgow.co.uk/blog/category/exercise-spotlight/_/uploads/1/2/3/3/123320581/background-images/1565318044.html]
[www.strengthcoachglasgow.co.uk/blog/category/exercises/4.html]
[www.strengthcoachglasgow.co.uk/blog/category/exercise-spotlight/3.html]
[www.strengthcoachglasgow.co.uk/blog/category/fitness/_/uploads/1/2/3/3/123320581/background-images/1565318044.html]
[www.strengthcoachglasgow.co.uk/blog/category/gym/_/uploads/1/2/3/3/123320581/background-images/1565318044.html]
[www.strengthcoachglasgow.co.uk/blog/category/exercise-spotlight/4.html]
[www.strengthcoachglasgow.co.uk/blog/category/gym/3.html]
[www.strengthcoachglasgow.co.uk/blog/category/home-workout/_/uploads/1/2/3/3/123320581/background-images/1565318044.html]
[www.strengthcoachglasgow.co.uk/blog/category/personal-trainer-glasgow/_/uploads/1/2/3/3/123320581/background-images/1565318044.html]
[www.strengthcoachglasgow.co.uk/blog/category/gym/4.html]
[www.strengthcoachglasgow.co.uk/blog/category/personal-trainer-glasgow/3.html]
[www.strengthcoachglasgow.co.uk/blog/category/weight-lifting-glasgow/_/uploads/1/2/3/3/123320581/background-images/1565318044.html]
[www.strengthcoachglasgow.co.uk/blog/category/personal-trainer-glasgow/4.html]
[www.strengthcoachglasgow.co.uk/blog/category/weight-lifting-glasgow/3.html]
[www.strengthcoachglasgow.co.uk/blog/category/weight-lifting-training/_/uploads/1/2/3/3/123320581/background-images/1565318044.html]
[www.strengthcoachglasgow.co.uk/blog/category/weight-lifting-training/3.html]
[www.strengthcoachglasgow.co.uk/blog/previous/5.html]
[www.strengthcoachglasgow.co.uk/blog/o.html]
[www.strengthcoachglasgow.co.uk/blog/formSubmit.html]
[www.strengthcoachglasgow.co.uk/blog/formSubmitAjax.html]
[www.strengthcoachglasgow.co.uk/blog/previous/6.html]
[www.strengthcoachglasgow.co.uk/blog/AppleWebKit/index.html]
[www.strengthcoachglasgow.co.uk/blog/Mobile/index.html]
[www.strengthcoachglasgow.co.uk/blog/ecommerce.html]
[www.strengthcoachglasgow.co.uk/blog/category/all/4.html]
[www.strengthcoachglasgow.co.uk/blog/category/all/5.html]
[www.strengthcoachglasgow.co.uk/blog/category/exercises/4.html]
[www.strengthcoachglasgow.co.uk/blog/category/exercises/5.html]
[www.strengthcoachglasgow.co.uk/blog/category/exercise-spotlight/4.html]
[www.strengthcoachglasgow.co.uk/blog/category/exercise-spotlight/5.html]
[www.strengthcoachglasgow.co.uk/blog/category/gym/4.html]
[www.strengthcoachglasgow.co.uk/blog/category/gym/5.html]
[www.strengthcoachglasgow.co.uk/blog/category/personal-trainer-glasgow/4.html]
[www.strengthcoachglasgow.co.uk/blog/category/personal-trainer-glasgow/5.html]
[www.strengthcoachglasgow.co.uk/blog/previous/6.html]
[www.strengthcoachglasgow.co.uk/blog/applewebkit.html]
[www.strengthcoachglasgow.co.uk/blog/mobile.html]
[www.strengthcoachglasgow.co.uk/blog/previous/7.html]
[www.strengthcoachglasgow.co.uk/blog/category/all/5.html]
[www.strengthcoachglasgow.co.uk/blog/category/all/6.html]
[cdn2.editmysite.com/css/sites028f.css]
[cdn2.editmysite.com/js/site/main028f.js]
[cdn2.editmysite.com/js/lang/en/stl68f8.js]
[cdn2.editmysite.com/js/site/main-customer-accounts-site028f.js]
[www.strengthcoachglasgow.co.uk/blog/category/exercises/5.html]
[www.strengthcoachglasgow.co.uk/blog/category/exercise-spotlight/5.html]
[www.strengthcoachglasgow.co.uk/blog/category/gym/5.html]
[www.strengthcoachglasgow.co.uk/blog/category/personal-trainer-glasgow/5.html]
[www.strengthcoachglasgow.co.uk/blog/previous/7.html]
[www.strengthcoachglasgow.co.uk/blog/previous/8.html]
[www.strengthcoachglasgow.co.uk/blog/category/all/6.html]
[www.strengthcoachglasgow.co.uk/blog/category/all/7.html]
[cdn2.editmysite.com/css/sites028f.css]
[www.strengthcoachglasgow.co.uk/blog/category/exercises/o.html]
[www.strengthcoachglasgow.co.uk/blog/category/exercises/formSubmit.html]
[cdn2.editmysite.com/js/site/main028f.js]
[www.strengthcoachglasgow.co.uk/blog/category/exercises/formSubmitAjax.html]
[cdn2.editmysite.com/js/lang/en/stl68f8.js]
[www.strengthcoachglasgow.co.uk/blog/category/exercises/ecommerce.html]
[cdn2.editmysite.com/js/site/main-customer-accounts-site028f.js]
[www.strengthcoachglasgow.co.uk/blog/previous/8.html]
[www.strengthcoachglasgow.co.uk/blog/category/all/7.html]
[www.strengthcoachglasgow.co.uk/blog/category/all/8.html]
[cdn2.editmysite.com/css/sitesd8de.css]
[cdn2.editmysite.com/js/site/maind8de.js]
[cdn2.editmysite.com/js/lang/en/stlecd6.js]
[www.strengthcoachglasgow.co.uk/blog/category/exercises/1.html]
[cdn2.editmysite.com/js/site/main-customer-accounts-sited8de.js]
[www.strengthcoachglasgow.co.uk/blog/category/exercises/o.html]
[www.strengthcoachglasgow.co.uk/blog/category/exercises/mustache.html]
[www.strengthcoachglasgow.co.uk/blog/category/exercises/formSubmit.html]
[www.strengthcoachglasgow.co.uk/blog/category/exercises/formSubmitAjax.html]
[www.strengthcoachglasgow.co.uk/blog/category/exercises/AppleWebKit/index.html]
[www.strengthcoachglasgow.co.uk/blog/category/exercises/applewebkit.html]
[www.strengthcoachglasgow.co.uk/blog/category/exercises/Mobile/index.html]
[www.strengthcoachglasgow.co.uk/blog/category/exercises/mobile.html]
[www.strengthcoachglasgow.co.uk/blog/category/exercises/ecommerce.html]
[www.strengthcoachglasgow.co.uk/blog/category/all/8.html]
[cdn2.editmysite.com/css/sitesd8de.css]
[cdn2.editmysite.com/js/site/maind8de.js]
[cdn2.editmysite.com/js/lang/en/stlecd6.js]
[www.strengthcoachglasgow.co.uk/blog/category/exercises/1.html]
[cdn2.editmysite.com/js/site/main-customer-accounts-sited8de.js]
[www.strengthcoachglasgow.co.uk/blog/category/exercises/applewebkit.html]
[www.strengthcoachglasgow.co.uk/blog/category/exercises/mobile.html]
